// Jest Snapshot v1, https://goo.gl/fbAQLP

exports[`Circle parseLog returns the correct log string 1`] = `
"> failing-repo@1.0.0 test /home/circleci/repo
> echo \\"Error: no test specified\\" && exit 1

Error: no test specified"
`;

exports[`Circle serialize returns the correct content string 1`] = `
"> todo@1.0.0 test /home/circleci/repo
> jest && codecov && standard

 PASS  __tests__/lib/metadata.js
 PASS  __tests__/lib/generate-blob-link.js
 PASS  __tests__/lib/reopen-closed.js
 PASS  __tests__/lib/commit-is-in-pr.js
 PASS  __tests__/lib/generate-label.js
 PASS  __tests__/lib/generate-body.js
 PASS  __tests__/languages.js
 PASS  __tests__/installation.js
 PASS  __tests__/pr-comments.js
 PASS  __tests__/merge-handler.js
 PASS  __tests__/open-issues.js

Test Suites: 11 passed, 11 total
Tests:       70 passed, 70 total
Snapshots:   0 total
Time:        4.335s
Ran all test suites.
--------------------------------|----------|----------|----------|----------|----------------|
File                            |  % Stmts | % Branch |  % Funcs |  % Lines |Uncovered Lines |
--------------------------------|----------|----------|----------|----------|----------------|
All files                       |      100 |      100 |      100 |      100 |                |
 repo                           |      100 |      100 |      100 |      100 |                |
  index.js                      |      100 |      100 |      100 |      100 |                |
 repo/lib                       |      100 |      100 |      100 |      100 |                |
  check-for-duplicate-issue.js  |      100 |      100 |      100 |      100 |                |
  commit-is-in-pr.js            |      100 |      100 |      100 |      100 |                |
  default-config.js             |      100 |      100 |      100 |      100 |                |
  generate-blob-link.js         |      100 |      100 |      100 |      100 |                |
  generate-body.js              |      100 |      100 |      100 |      100 |                |
  generate-label.js             |      100 |      100 |      100 |      100 |                |
  get-file-contents.js          |      100 |      100 |      100 |      100 |                |
  helpers.js                    |      100 |      100 |      100 |      100 |                |
  merge-handler.js              |      100 |      100 |      100 |      100 |                |
  metadata.js                   |      100 |      100 |      100 |      100 |                |
  open-issues.js                |      100 |      100 |      100 |      100 |                |
  organize-commits.js           |      100 |      100 |      100 |      100 |                |
  reopen-closed.js              |      100 |      100 |      100 |      100 |                |
  search-contents-for-titles.js |      100 |      100 |      100 |      100 |                |
--------------------------------|----------|----------|----------|----------|----------------|
  _____          _  
 / ____|        | |  
| |     ___   __| | ___  ___ _____   __  
| |    / _ \\\\ / _\` |/ _ \\\\/ __/ _ \\\\ \\\\ / /  
| |___| (_) | (_| |  __/ (_| (_) \\\\ V /  
 \\\\_____\\\\___/ \\\\__,_|\\\\___|\\\\___\\\\___/ \\\\_/  
                                v2.3.0
==> Detecting CI Provider
    Circle CI Detected
==> Configuration: 
    Endpoint: https://codecov.io
{ service: 'circleci',
  build: '4.0',
  job: '4.0',
  commit: '36eeffbb45a75f1ac2ef3c8b491b5a1d9b4afefa',
  branch: 'cleanup',
  pr: undefined,
  slug: 'JasonEtco/todo',
  package: 'node-v2.3.0' }
==> Building file structure
==> Generating gcov reports (skip via --disable=gcov)
    $ find /home/circleci/repo -type f -name '*.gcno'  -exec gcov  {} +
==> Scanning for reports
    + /home/circleci/repo/coverage/clover.xml
    + /home/circleci/repo/coverage/lcov.info
==> Uploading reports
    Success!
    View report at: https://codecov.io/github/JasonEtco/todo/commit/36eeffbb45a75f1ac2ef3c8b491b5a1d9b4afefa
standard: Use JavaScript Standard Style (https://standardjs.com)
standard: Run \`standard --fix\` to automatically fix some problems.
  /home/circleci/repo/lib/search-contents-for-titles.js:15:2: Newline required at end of file but not found.
"
`;
